%!Adobe-FontList 1.18
%Locale:0xc07

%BeginFont
Handler:DirectoryHandler
FontType:Type1
FontName:GillSansStd-Bold
FamilyName:Gill Sans Std
StyleName:Bold
FullName:Gill Sans Std Bold
MenuName:Gill Sans Std
StyleBits:2
WritingScript:Roman
OutlineFileName:P:\Kunden\Pixelart\Archiv _altes CD\Printdaten\INTERACTIVE\Lanyards & Badges\Concat-Booklet-Umhänger_d2 Ordner\Document fonts\GillSansStd-Bold.otf
DataFormat:sfntData
UsesStandardEncoding:yes
isCFF:yes
hasSVG:no
FileLength:29668
FileModTime:1055406374
WeightClass:700
WidthClass:5
AngleClass:0
NameArray:0,Mac,4,Gill Sans Std Bold
NameArray:0,Win,1,Gill Sans Std
%EndFont

%BeginFont
Handler:DirectoryHandler
FontType:Type1
FontName:GillSansStd
FamilyName:Gill Sans Std
StyleName:Regular
FullName:Gill Sans Std
MenuName:Gill Sans Std
StyleBits:0
WritingScript:Roman
OutlineFileName:P:\Kunden\Pixelart\Archiv _altes CD\Printdaten\INTERACTIVE\Lanyards & Badges\Concat-Booklet-Umhänger_d2 Ordner\Document fonts\GillSansStd.otf
DataFormat:sfntData
UsesStandardEncoding:yes
isCFF:yes
hasSVG:no
FileLength:28880
FileModTime:1055406374
WeightClass:400
WidthClass:5
AngleClass:0
NameArray:0,Mac,4,Gill Sans Std
NameArray:0,Win,1,Gill Sans Std
%EndFont

%BeginFont
Handler:DirectoryHandler
FontType:TrueType
FontName:Lato-Black
FamilyName:Lato
StyleName:Black
FullName:Lato Black
MenuName:Lato Black
StyleBits:0
WritingScript:Roman
OutlineFileName:P:\Kunden\Pixelart\Archiv _altes CD\Printdaten\INTERACTIVE\Lanyards & Badges\Concat-Booklet-Umhänger_d2 Ordner\Document fonts\Lato-Black.ttf
DataFormat:sfntData
hasSVG:no
FileLength:114588
FileModTime:1292367600
WeightClass:900
WidthClass:5
AngleClass:0
NameArray:0,Mac,4,Lato Black
NameArray:0,Win,1,Lato Black
NameArray:0,Win,16,Lato
%EndFont

%BeginFont
Handler:DirectoryHandler
FontType:TrueType
FontName:Lato-Semibold
FamilyName:Lato
StyleName:Semibold
FullName:Lato Semibold
MenuName:Lato Semibold
StyleBits:0
WritingScript:Roman
OutlineFileName:P:\Kunden\Pixelart\Archiv _altes CD\Printdaten\INTERACTIVE\Lanyards & Badges\Concat-Booklet-Umhänger_d2 Ordner\Document fonts\Lato-Semibold.ttf
DataFormat:sfntData
hasSVG:no
FileLength:645008
FileModTime:1409528420
WeightClass:600
WidthClass:5
AngleClass:0
NameArray:0,Mac,4,Lato Semibold
NameArray:0,Win,1,Lato Semibold
NameArray:0,Win,16,Lato
%EndFont

